###############################################################################
#
# IAR ELF Linker V8.40.1.212/W32 for ARM                  19/Dec/2019  23:05:50
# Copyright 2007-2019 IAR Systems AB.
#
#    Output file  =  C:\Users\User\Desktop\POIP\POIP\LAB1\PR1\Debug\Exe\PR.out
#    Map file     =  C:\Users\User\Desktop\POIP\POIP\LAB1\PR1\Debug\List\PR.map
#    Command line =
#        -f C:\Users\User\AppData\Local\Temp\EW1C8D.tmp
#        (C:\Users\User\Desktop\POIP\POIP\LAB1\PR1\Debug\Obj\main.o
#        C:\Users\User\Desktop\POIP\POIP\LAB1\PR1\Debug\Obj\startup.o
#        --no_out_extension -o
#        C:\Users\User\Desktop\POIP\POIP\LAB1\PR1\Debug\Exe\PR.out --redirect
#        _Printf=_PrintfFullNoMb --redirect _Scanf=_ScanfFullNoMb --map
#        C:\Users\User\Desktop\POIP\POIP\LAB1\PR1\Debug\List\PR.map
#        --semihosting --entry __iar_program_start --vfe --enable_stack_usage
#        --text_out locale)
#
###############################################################################

*******************************************************************************
*** MESSAGES
***

Warning[Ls015]: [stack usage analysis] at least one function appears to be
          uncalled. Example: "InterruptHandler::DummyHandler()". A complete
          list of uncalled functions is in the map file.


*******************************************************************************
*** RUNTIME MODEL ATTRIBUTES
***

CppFlavor        = *
__CPP_Exceptions = Disabled
__CPP_Language   = C++14
__SystemLibrary  = DLib
__dlib_version   = 6


*******************************************************************************
*** HEAP SELECTION
***

The basic heap was selected because no calls to memory allocation
functions were found in the application outside of system library
functions, and there are calls to deallocation functions in the
application.


*******************************************************************************
*** PLACEMENT SUMMARY
***

"A0":  place at address 0x0 { ro section .intvec };
"P1":  place in [from 0x8000 to 0x7fff'ffff] { ro };
define block HEAP
   with expanding size, minimum size = 64K, maximum size = 16M, alignment = 8 {
      };
define block CSTACK with size = 16K, alignment = 8 { };
define block IRQ_STACK with size = 8K, alignment = 8 { };
define block FIQ_STACK with size = 8K, alignment = 8 { };
"P2":  place in [from 0x8000'0000 to 0xffff'ffff] {
          rw, block HEAP, block CSTACK, block IRQ_STACK, block FIQ_STACK };

No sections matched the following patterns:

  rw  in "P2"


  Section   Kind         Address    Size  Object
  -------   ----         -------    ----  ------
"A0":                               0xbc
  .intvec   const            0x0    0xbc  startup.o [1]
                          - 0xbc    0xbc

"P1":                              0x1a0
  .text     ro code       0x8000    0x3e  main.o [1]
  .text     ro code       0x803e     0x2  startup.o [1]
  .text     ro code       0x8040    0x14  main.o [1]
  .text     ro code       0x8054    0x14  main.o [1]
  .text     ro code       0x8068    0x14  main.o [1]
  .text     ro code       0x807c    0x14  main.o [1]
  .text     ro code       0x8090    0x14  main.o [1]
  .text     ro code       0x80a4    0x14  main.o [1]
  .text     ro code       0x80b8    0x14  main.o [1]
  .text     ro code       0x80cc    0x14  main.o [1]
  .text     ro code       0x80e0    0x14  main.o [1]
  .text     ro code       0x80f4    0x14  main.o [1]
  .text     ro code       0x8108    0x10  main.o [1]
  .text     ro code       0x8118    0x10  main.o [1]
  .text     ro code       0x8128    0x10  main.o [1]
  .text     ro code       0x8138    0x10  main.o [1]
  .text     ro code       0x8148    0x1e  cmain.o [3]
  .text     ro code       0x8166     0x4  low_level_init.o [2]
  .text     ro code       0x816a     0x4  exit.o [2]
  .text     ro code       0x816e     0x2  startup.o [1]
  .text     ro code       0x8170     0xa  cexit.o [3]
  .rodata   const         0x817a     0x1  unwind_debug.o [4]
  .text     ro code       0x817c    0x14  exit.o [4]
  .text     ro code       0x8190    0x10  startup.o [1]
                        - 0x81a0   0x1a0

"P2":                             0x4000
  CSTACK             0x8000'0000  0x4000  <Block>
    CSTACK  uninit   0x8000'0000  0x4000  <Block tail>
                   - 0x8000'4000  0x4000

Unused ranges:

         From           To         Size
         ----           --         ----
       0x81a0  0x7fff'ffff  0x7fff'7e60
  0x8000'4000  0xffff'ffff  0x7fff'c000


*******************************************************************************
*** STACK USAGE
***

  Call Graph Root Category  Max Use  Total Use
  ------------------------  -------  ---------
  Program entry                 16         16
  Uncalled function              0          0


Program entry
  "__iar_program_start": 0x8191

  Maximum call chain                               16  bytes

    "__iar_program_start"                           8
    "__cmain"                                       0
    "main"                                          8
    "void FieldValueBase<RCC_AHB1ENR_DMA2EN_Values<RCC::AHB1ENR, (unsigned int)0, (unsigned int)1, ReadWriteMode, RCC::RCCAHB1ENRBase>, RCC::RCCAHB1ENRBase, (unsigned int)1>::Set<ReadWriteMode, void>()"
                                                    0

Uncalled function
  "InterruptHandler::DummyHandler()": 0x803f

  Maximum call chain                                0  bytes

    "InterruptHandler::DummyHandler()"              0

Uncalled function
  "InterruptHandler::Timer2Handler()": 0x816f

  Maximum call chain                                0  bytes

    "InterruptHandler::Timer2Handler()"             0


*******************************************************************************
*** MODULE SUMMARY
***

    Module            ro code  ro data  rw data
    ------            -------  -------  -------
command line/config:
    -------------------------------------------
    Total:

C:\Users\User\Desktop\POIP\POIP\LAB1\PR1\Debug\Obj: [1]
    main.o                326
    startup.o              20      188
    -------------------------------------------
    Total:                346      188

dl7M_tln.a: [2]
    exit.o                  4
    low_level_init.o        4
    -------------------------------------------
    Total:                  8

rt7M_tl.a: [3]
    cexit.o                10
    cmain.o                30
    -------------------------------------------
    Total:                 40

shb_l.a: [4]
    exit.o                 20
    unwind_debug.o                   1
    -------------------------------------------
    Total:                 20        1

    Gaps                    1
    Linker created                       16'384
-----------------------------------------------
    Grand Total:          415      189   16'384


*******************************************************************************
*** ENTRY LIST
***

Entry                       Address  Size  Type      Object
-----                       -------  ----  ----      ------
?main                        0x8149        Code  Gb  cmain.o [3]
CSTACK$$Base            0x8000'0000         --   Gb  - Linker created -
CSTACK$$Limit           0x8000'4000         --   Gb  - Linker created -
InterruptHandler::DummyHandler()
                             0x803f   0x2  Code  Gb  startup.o [1]
InterruptHandler::Timer2Handler()
                             0x816f   0x2  Code  Gb  startup.o [1]
Region$$Table$$Base             0x0         --   Gb  - Linker created -
Region$$Table$$Limit            0x0         --   Gb  - Linker created -
__cmain                      0x8149        Code  Gb  cmain.o [3]
__exit                       0x817d  0x14  Code  Gb  exit.o [4]
__iar_debug_exceptions       0x817a   0x1  Data  Gb  unwind_debug.o [4]
__iar_program_start          0x8191  0x10  Code  Gb  startup.o [1]
__low_level_init             0x8167   0x4  Code  Gb  low_level_init.o [2]
__vector_table                  0x0  0xbc  Data  Lc  startup.o [1]
_call_main                   0x8155        Code  Gb  cmain.o [3]
_exit                        0x8171        Code  Gb  cexit.o [3]
_main                        0x8163        Code  Gb  cmain.o [3]
exit                         0x816b   0x4  Code  Gb  exit.o [2]
main                         0x8001  0x3e  Code  Gb  main.o [1]
void FieldValueBase<GPIOA_MODER_MODER15_Values<GPIOA::MODER, (unsigned int)10, (unsigned int)2, ReadWriteMode, GPIOA::GPIOAMODERBase>, GPIOA::GPIOAMODERBase, (unsigned int)1>::Set<ReadWriteMode, void>()
                             0x8055  0x14  Code  Gb  main.o [1]
void FieldValueBase<GPIOA_ODR_ODR5_Values<GPIOA::ODR, (unsigned int)5, (unsigned int)1, ReadWriteMode, GPIOA::GPIOAODRBase>, GPIOA::GPIOAODRBase, (unsigned int)0>::Set<ReadWriteMode, void>()
                             0x8109  0x10  Code  Gb  main.o [1]
void FieldValueBase<GPIOA_ODR_ODR5_Values<GPIOA::ODR, (unsigned int)5, (unsigned int)1, ReadWriteMode, GPIOA::GPIOAODRBase>, GPIOA::GPIOAODRBase, (unsigned int)1>::Set<ReadWriteMode, void>()
                             0x80b9  0x14  Code  Gb  main.o [1]
void FieldValueBase<GPIOC_MODER_MODER15_Values<GPIOC::MODER, (unsigned int)10, (unsigned int)2, ReadWriteMode, GPIOC::GPIOCMODERBase>, GPIOC::GPIOCMODERBase, (unsigned int)1>::Set<ReadWriteMode, void>()
                             0x80a5  0x14  Code  Gb  main.o [1]
void FieldValueBase<GPIOC_MODER_MODER15_Values<GPIOC::MODER, (unsigned int)16, (unsigned int)2, ReadWriteMode, GPIOC::GPIOCMODERBase>, GPIOC::GPIOCMODERBase, (unsigned int)1>::Set<ReadWriteMode, void>()
                             0x8091  0x14  Code  Gb  main.o [1]
void FieldValueBase<GPIOC_MODER_MODER15_Values<GPIOC::MODER, (unsigned int)18, (unsigned int)2, ReadWriteMode, GPIOC::GPIOCMODERBase>, GPIOC::GPIOCMODERBase, (unsigned int)1>::Set<ReadWriteMode, void>()
                             0x807d  0x14  Code  Gb  main.o [1]
void FieldValueBase<GPIOC_ODR_ODR5_Values<GPIOC::ODR, (unsigned int)5, (unsigned int)1, ReadWriteMode, GPIOC::GPIOCODRBase>, GPIOC::GPIOCODRBase, (unsigned int)0>::Set<ReadWriteMode, void>()
                             0x8139  0x10  Code  Gb  main.o [1]
void FieldValueBase<GPIOC_ODR_ODR5_Values<GPIOC::ODR, (unsigned int)5, (unsigned int)1, ReadWriteMode, GPIOC::GPIOCODRBase>, GPIOC::GPIOCODRBase, (unsigned int)1>::Set<ReadWriteMode, void>()
                             0x80f5  0x14  Code  Gb  main.o [1]
void FieldValueBase<GPIOC_ODR_ODR8_Values<GPIOC::ODR, (unsigned int)8, (unsigned int)1, ReadWriteMode, GPIOC::GPIOCODRBase>, GPIOC::GPIOCODRBase, (unsigned int)0>::Set<ReadWriteMode, void>()
                             0x8129  0x10  Code  Gb  main.o [1]
void FieldValueBase<GPIOC_ODR_ODR8_Values<GPIOC::ODR, (unsigned int)8, (unsigned int)1, ReadWriteMode, GPIOC::GPIOCODRBase>, GPIOC::GPIOCODRBase, (unsigned int)1>::Set<ReadWriteMode, void>()
                             0x80e1  0x14  Code  Gb  main.o [1]
void FieldValueBase<GPIOC_ODR_ODR9_Values<GPIOC::ODR, (unsigned int)9, (unsigned int)1, ReadWriteMode, GPIOC::GPIOCODRBase>, GPIOC::GPIOCODRBase, (unsigned int)0>::Set<ReadWriteMode, void>()
                             0x8119  0x10  Code  Gb  main.o [1]
void FieldValueBase<GPIOC_ODR_ODR9_Values<GPIOC::ODR, (unsigned int)9, (unsigned int)1, ReadWriteMode, GPIOC::GPIOCODRBase>, GPIOC::GPIOCODRBase, (unsigned int)1>::Set<ReadWriteMode, void>()
                             0x80cd  0x14  Code  Gb  main.o [1]
void FieldValueBase<RCC_AHB1ENR_DMA2EN_Values<RCC::AHB1ENR, (unsigned int)0, (unsigned int)1, ReadWriteMode, RCC::RCCAHB1ENRBase>, RCC::RCCAHB1ENRBase, (unsigned int)1>::Set<ReadWriteMode, void>()
                             0x8041  0x14  Code  Gb  main.o [1]
void FieldValueBase<RCC_AHB1ENR_DMA2EN_Values<RCC::AHB1ENR, (unsigned int)2, (unsigned int)1, ReadWriteMode, RCC::RCCAHB1ENRBase>, RCC::RCCAHB1ENRBase, (unsigned int)1>::Set<ReadWriteMode, void>()
                             0x8069  0x14  Code  Gb  main.o [1]


[1] = C:\Users\User\Desktop\POIP\POIP\LAB1\PR1\Debug\Obj
[2] = dl7M_tln.a
[3] = rt7M_tl.a
[4] = shb_l.a

     415 bytes of readonly  code memory
     189 bytes of readonly  data memory
  16'384 bytes of readwrite data memory

Errors: none
Warnings: 1
